[2026-10-05 14:44:15] SID:9572 Controller connected
[2026-10-05 14:44:15] SID:9572 Command: AUTH
[2026-10-05 14:44:15] SID:9572 AUTH successful
[2026-10-05 14:44:20] SID:9572 Command: AUTH
[2026-10-05 14:44:28] SID:9572 Command: SYSINFO
[2026-10-05 14:44:34] SID:9572 Command: LISTPROC
[2026-10-05 14:44:40] SID:9572 Command: EXEC DATE
[2026-10-05 14:44:47] SID:9572 Command: QUIT
[2026-10-05 14:44:47] SID:9572 Controller requested QUIT
[2026-10-05 14:44:47] SID:9572 Controller thread finished
[2026-10-05 14:46:05] SID:9572 Controller connected
[2026-10-05 14:46:05] SID:9572 Command: AUTH
[2026-10-05 14:46:05] SID:9572 AUTH successful
[2026-10-05 14:46:11] SID:9572 Command: SYSINFO
[2026-10-05 14:46:16] SID:9572 Command: LISTPROC
[2026-10-05 14:46:21] SID:9572 Command: EXEC DATE
[2026-10-05 14:47:34] SID:9572 Command: PUT test_upload.txt 34
[2026-10-05 14:47:34] SID:9572 PUT completed: test_upload.txt (34 bytes)
[2026-10-05 14:47:40] SID:9572 Command: GET test_upload.txt
[2026-10-05 14:47:40] SID:9572 GET completed: test_upload.txt (34 bytes)
[2026-10-05 14:47:47] SID:9572 Command: MONITOR START 9759
[2026-10-05 14:47:47] SID:9572 UDP monitoring started on port 9759
[2026-10-05 14:47:55] SID:9572 Command: MONITOR STOP
[2026-10-05 14:47:57] SID:9572 UDP monitoring thread stopped
[2026-10-05 14:47:59] SID:9572 Command: MONITOR STOP
[2026-10-05 14:48:13] SID:9572 Command: QUIT
[2026-10-05 14:48:13] SID:9572 Controller requested QUIT
[2026-10-05 14:48:13] SID:9572 Controller thread finished
[2026-10-06 00:17:43] SID:9572 Controller connected
[2026-10-06 00:17:43] SID:9572 Command: AUTH
[2026-10-06 00:17:43] SID:9572 AUTH successful
[2026-10-06 00:18:44] SID:9572 Command: MONITOR START 9759
[2026-10-06 00:18:44] SID:9572 UDP monitoring started on port 9759
[2026-10-06 00:19:06] SID:9572 Command: MOQUIT
[2026-10-06 00:19:27] SID:9572 Command: MONITOR STOP
[2026-10-06 00:19:28] SID:9572 UDP monitoring thread stopped
[2026-10-06 00:19:31] SID:9572 Controller disconnected
[2026-10-06 00:19:31] SID:9572 Controller thread finished
[2026-10-06 00:42:50] SID:9572 Controller connected
[2026-10-06 00:42:50] SID:9572 Command: AUTH
[2026-10-06 00:42:50] SID:9572 AUTH successful
[2026-10-06 00:42:54] SID:9572 Controller connected
[2026-10-06 00:42:54] SID:9572 Command: AUTH
[2026-10-06 00:42:54] SID:9572 AUTH successful
[2026-10-06 00:43:01] SID:9572 Controller connected
[2026-10-06 00:43:01] SID:9572 Command: AUTH
[2026-10-06 00:43:01] SID:9572 AUTH successful
[2026-10-06 00:43:05] SID:9572 Controller connected
[2026-10-06 00:43:05] SID:9572 Command: AUTH
[2026-10-06 00:43:05] SID:9572 AUTH successful
[2026-10-06 00:43:09] SID:9572 Controller connected
[2026-10-06 00:43:09] SID:9572 Command: AUTH
[2026-10-06 00:43:09] SID:9572 AUTH successful
[2026-10-06 00:44:47] SID:9572 Command: SYSINFO
[2026-10-06 00:44:50] SID:9572 Command: EXEC HOSTNAME
[2026-10-06 00:44:52] SID:9572 Command: LISTPROC
[2026-10-06 00:44:55] SID:9572 Command: EXEC UPTIME
[2026-10-06 00:44:58] SID:9572 Command: EXEC WHOAMI
[2026-10-06 00:50:40] SID:9572 Controller disconnected
[2026-10-06 00:50:40] SID:9572 Controller thread finished
[2026-10-06 01:33:24] SID:9572 Command: MONITOR START 9759
[2026-10-06 01:33:24] SID:9572 UDP monitoring started on port 9759
[2026-10-06 01:33:31] SID:9572 Command: MONITOR STOP]
[2026-10-06 01:33:41] SID:9572 Command: MONITOR STOP]MONITOR STOP
[2026-10-06 01:34:01] SID:9572 Command: MONITOR STOP
[2026-10-06 01:34:02] SID:9572 UDP monitoring thread stopped
[2026-10-06 01:39:54] SID:9572 Command: HHH
[2026-10-06 01:40:57] SID:9572 Controller disconnected
[2026-10-06 01:40:57] SID:9572 Controller thread finished
